
  .   ____          _            __ _ _
 /\\ / ___'_ __ _ _(_)_ __  __ _ \ \ \ \
( ( )\___ | '_ | '_| | '_ \/ _` | \ \ \ \
 \\/  ___)| |_)| | | | | || (_| |  ) ) ) )
  '  |____| .__|_| |_|_| |_\__, | / / / /
 =========|_|==============|___/=/_/_/_/
 :: Spring Boot ::               (v2.7.18)

2026-06-18 13:58:45.730  INFO 64737 --- [           main] com.demo.payment.PaymentApplication      : Starting PaymentApplication v1.0.0 using Java 21.0.11 on Tanyatons-MacBook-Pro.local with PID 64737 (/Users/tanyatonoran/Documents/th-techexchange-bob/payment-app/target/payment-app-1.0.0.jar started by tanyatonoran in /Users/tanyatonoran/Documents/th-techexchange-bob/payment-app)
2026-06-18 13:58:45.732  INFO 64737 --- [           main] com.demo.payment.PaymentApplication      : No active profile set, falling back to 1 default profile: "default"
2026-06-18 13:58:46.292  INFO 64737 --- [           main] .s.d.r.c.RepositoryConfigurationDelegate : Bootstrapping Spring Data JPA repositories in DEFAULT mode.
2026-06-18 13:58:46.324  INFO 64737 --- [           main] .s.d.r.c.RepositoryConfigurationDelegate : Finished Spring Data repository scanning in 26 ms. Found 1 JPA repository interfaces.
2026-06-18 13:58:46.689  INFO 64737 --- [           main] o.s.b.w.embedded.tomcat.TomcatWebServer  : Tomcat initialized with port(s): 8080 (http)
2026-06-18 13:58:46.695  INFO 64737 --- [           main] o.apache.catalina.core.StandardService   : Starting service [Tomcat]
2026-06-18 13:58:46.695  INFO 64737 --- [           main] org.apache.catalina.core.StandardEngine  : Starting Servlet engine: [Apache Tomcat/9.0.83]
2026-06-18 13:58:46.736  INFO 64737 --- [           main] o.a.c.c.C.[Tomcat].[localhost].[/]       : Initializing Spring embedded WebApplicationContext
2026-06-18 13:58:46.736  INFO 64737 --- [           main] w.s.c.ServletWebServerApplicationContext : Root WebApplicationContext: initialization completed in 967 ms
2026-06-18 13:58:46.906  INFO 64737 --- [           main] o.hibernate.jpa.internal.util.LogHelper  : HHH000204: Processing PersistenceUnitInfo [name: default]
2026-06-18 13:58:46.948  INFO 64737 --- [           main] org.hibernate.Version                    : HHH000412: Hibernate ORM core version 5.6.15.Final
2026-06-18 13:58:47.065  INFO 64737 --- [           main] o.hibernate.annotations.common.Version   : HCANN000001: Hibernate Commons Annotations {5.1.2.Final}
2026-06-18 13:58:47.128  INFO 64737 --- [           main] com.zaxxer.hikari.HikariDataSource       : HikariPool-1 - Starting...
2026-06-18 13:58:47.272  INFO 64737 --- [           main] com.zaxxer.hikari.HikariDataSource       : HikariPool-1 - Start completed.
2026-06-18 13:58:47.284  INFO 64737 --- [           main] org.hibernate.dialect.Dialect            : HHH000400: Using dialect: org.hibernate.dialect.H2Dialect
2026-06-18 13:58:47.631 DEBUG 64737 --- [           main] org.hibernate.SQL                        : 
    
    drop table if exists transactions CASCADE 
Hibernate: 
    
    drop table if exists transactions CASCADE 
2026-06-18 13:58:47.635 DEBUG 64737 --- [           main] org.hibernate.SQL                        : 
    
    create table transactions (
       id varchar(255) not null,
        amount numeric(19,2) not null,
        authorization_code varchar(255),
        card_number varchar(255) not null,
        created_at timestamp not null,
        currency varchar(255) not null,
        status varchar(255) not null,
        updated_at timestamp not null,
        primary key (id)
    )
Hibernate: 
    
    create table transactions (
       id varchar(255) not null,
        amount numeric(19,2) not null,
        authorization_code varchar(255),
        card_number varchar(255) not null,
        created_at timestamp not null,
        currency varchar(255) not null,
        status varchar(255) not null,
        updated_at timestamp not null,
        primary key (id)
    )
2026-06-18 13:58:47.640  INFO 64737 --- [           main] o.h.e.t.j.p.i.JtaPlatformInitiator       : HHH000490: Using JtaPlatform implementation: [org.hibernate.engine.transaction.jta.platform.internal.NoJtaPlatform]
2026-06-18 13:58:47.646  INFO 64737 --- [           main] j.LocalContainerEntityManagerFactoryBean : Initialized JPA EntityManagerFactory for persistence unit 'default'
2026-06-18 13:58:47.978  WARN 64737 --- [           main] JpaBaseConfiguration$JpaWebConfiguration : spring.jpa.open-in-view is enabled by default. Therefore, database queries may be performed during view rendering. Explicitly configure spring.jpa.open-in-view to disable this warning
2026-06-18 13:58:48.075  INFO 64737 --- [           main] o.s.b.a.w.s.WelcomePageHandlerMapping    : Adding welcome page: class path resource [static/index.html]
2026-06-18 13:58:48.228  INFO 64737 --- [           main] o.s.b.a.e.web.EndpointLinksResolver      : Exposing 2 endpoint(s) beneath base path '/actuator'
2026-06-18 13:58:48.258  INFO 64737 --- [           main] o.s.b.w.embedded.tomcat.TomcatWebServer  : Tomcat started on port(s): 8080 (http) with context path ''
2026-06-18 13:58:48.266  INFO 64737 --- [           main] com.demo.payment.PaymentApplication      : Started PaymentApplication in 2.783 seconds (JVM running for 3.083)
2026-06-18 13:58:52.808  INFO 64737 --- [nio-8080-exec-1] o.a.c.c.C.[Tomcat].[localhost].[/]       : Initializing Spring DispatcherServlet 'dispatcherServlet'
2026-06-18 13:58:52.809  INFO 64737 --- [nio-8080-exec-1] o.s.web.servlet.DispatcherServlet        : Initializing Servlet 'dispatcherServlet'
2026-06-18 13:58:52.810  INFO 64737 --- [nio-8080-exec-1] o.s.web.servlet.DispatcherServlet        : Completed initialization in 1 ms
2026-06-18 13:59:03.643 DEBUG 64737 --- [nio-8080-exec-3] org.hibernate.SQL                        : 
    insert 
    into
        transactions
        (amount, authorization_code, card_number, created_at, currency, status, updated_at, id) 
    values
        (?, ?, ?, ?, ?, ?, ?, ?)
Hibernate: 
    insert 
    into
        transactions
        (amount, authorization_code, card_number, created_at, currency, status, updated_at, id) 
    values
        (?, ?, ?, ?, ?, ?, ?, ?)
2026-06-18 13:59:18.806  INFO 64737 --- [ionShutdownHook] j.LocalContainerEntityManagerFactoryBean : Closing JPA EntityManagerFactory for persistence unit 'default'
2026-06-18 13:59:18.806  INFO 64737 --- [ionShutdownHook] .SchemaDropperImpl$DelayedDropActionImpl : HHH000477: Starting delayed evictData of schema as part of SessionFactory shut-down'
2026-06-18 13:59:18.807 DEBUG 64737 --- [ionShutdownHook] org.hibernate.SQL                        : 
    
    drop table if exists transactions CASCADE 
Hibernate: 
    
    drop table if exists transactions CASCADE 
2026-06-18 13:59:18.814  INFO 64737 --- [ionShutdownHook] com.zaxxer.hikari.HikariDataSource       : HikariPool-1 - Shutdown initiated...
2026-06-18 13:59:18.819  INFO 64737 --- [ionShutdownHook] com.zaxxer.hikari.HikariDataSource       : HikariPool-1 - Shutdown completed.
